validazione: 1200 mani con equity su 1000 estrazioni (0s)
dispositivo cuda, parametri 355,841, 42 processi per le mani, 4096 mani a passo, 60000 passi = 246 milioni di mani
inizio: {'mae': 0.173, 'rmse': 0.2514, 'mae_uniform': 0.173, 'mae_preflop': 0.0691, 'mae_flop': 0.144, 'mae_turn': 0.1841, 'mae_river': 0.2809}
passo    1000  loss 1.2371  54689 mani/s  lr 1.00e-03  mae 0.0626  rmse 0.1236  mae_uniform 0.1730  mae_preflop 0.0411  mae_flop 0.0531  mae_turn 0.0711  mae_river 0.0822
passo    2000  loss 0.9848  60720 mani/s  lr 9.98e-04  mae 0.0441  rmse 0.0892  mae_uniform 0.1730  mae_preflop 0.0374  mae_flop 0.0447  mae_turn 0.0542  mae_river 0.0390
passo    3000  loss 0.9442  60215 mani/s  lr 9.96e-04  mae 0.0383  rmse 0.0752  mae_uniform 0.1730  mae_preflop 0.0363  mae_flop 0.0423  mae_turn 0.0506  mae_river 0.0236
passo    4000  loss 0.9258  59380 mani/s  lr 9.92e-04  mae 0.0350  rmse 0.0685  mae_uniform 0.1730  mae_preflop 0.0340  mae_flop 0.0399  mae_turn 0.0461  mae_river 0.0199
passo    5000  loss 0.9166  57311 mani/s  lr 9.86e-04  mae 0.0325  rmse 0.0657  mae_uniform 0.1730  mae_preflop 0.0331  mae_flop 0.0374  mae_turn 0.0418  mae_river 0.0174
passo    6000  loss 0.9109  56404 mani/s  lr 9.79e-04  mae 0.0310  rmse 0.0617  mae_uniform 0.1730  mae_preflop 0.0328  mae_flop 0.0358  mae_turn 0.0408  mae_river 0.0147
passo    7000  loss 0.9060  55938 mani/s  lr 9.71e-04  mae 0.0288  rmse 0.0562  mae_uniform 0.1730  mae_preflop 0.0309  mae_flop 0.0342  mae_turn 0.0385  mae_river 0.0117
passo    8000  loss 0.9030  55741 mani/s  lr 9.62e-04  mae 0.0279  rmse 0.0522  mae_uniform 0.1730  mae_preflop 0.0299  mae_flop 0.0350  mae_turn 0.0368  mae_river 0.0101
passo    9000  loss 0.9003  55501 mani/s  lr 9.51e-04  mae 0.0279  rmse 0.0523  mae_uniform 0.1730  mae_preflop 0.0313  mae_flop 0.0335  mae_turn 0.0369  mae_river 0.0104
passo   10000  loss 0.8981  55344 mani/s  lr 9.40e-04  mae 0.0269  rmse 0.0524  mae_uniform 0.1730  mae_preflop 0.0299  mae_flop 0.0333  mae_turn 0.0336  mae_river 0.0110
passo   11000  loss 0.8970  55402 mani/s  lr 9.27e-04  mae 0.0260  rmse 0.0482  mae_uniform 0.1730  mae_preflop 0.0298  mae_flop 0.0323  mae_turn 0.0340  mae_river 0.0084
passo   12000  loss 0.8957  54934 mani/s  lr 9.12e-04  mae 0.0259  rmse 0.0506  mae_uniform 0.1730  mae_preflop 0.0296  mae_flop 0.0326  mae_turn 0.0334  mae_river 0.0084
passo   13000  loss 0.8939  51555 mani/s  lr 8.97e-04  mae 0.0248  rmse 0.0456  mae_uniform 0.1730  mae_preflop 0.0288  mae_flop 0.0313  mae_turn 0.0331  mae_river 0.0065
passo   14000  loss 0.8926  51414 mani/s  lr 8.81e-04  mae 0.0253  rmse 0.0465  mae_uniform 0.1730  mae_preflop 0.0290  mae_flop 0.0318  mae_turn 0.0339  mae_river 0.0069
passo   15000  loss 0.8914  51700 mani/s  lr 8.63e-04  mae 0.0243  rmse 0.0454  mae_uniform 0.1730  mae_preflop 0.0288  mae_flop 0.0301  mae_turn 0.0321  mae_river 0.0067
passo   16000  loss 0.8913  52011 mani/s  lr 8.45e-04  mae 0.0244  rmse 0.0459  mae_uniform 0.1730  mae_preflop 0.0285  mae_flop 0.0306  mae_turn 0.0329  mae_river 0.0060
passo   17000  loss 0.8897  52155 mani/s  lr 8.26e-04  mae 0.0245  rmse 0.0459  mae_uniform 0.1730  mae_preflop 0.0278  mae_flop 0.0306  mae_turn 0.0327  mae_river 0.0074
passo   18000  loss 0.8890  52234 mani/s  lr 8.05e-04  mae 0.0233  rmse 0.0423  mae_uniform 0.1730  mae_preflop 0.0280  mae_flop 0.0296  mae_turn 0.0297  mae_river 0.0061
passo   19000  loss 0.8881  52226 mani/s  lr 7.84e-04  mae 0.0229  rmse 0.0414  mae_uniform 0.1730  mae_preflop 0.0277  mae_flop 0.0298  mae_turn 0.0298  mae_river 0.0047
passo   20000  loss 0.8876  52337 mani/s  lr 7.62e-04  mae 0.0231  rmse 0.0424  mae_uniform 0.1730  mae_preflop 0.0278  mae_flop 0.0292  mae_turn 0.0307  mae_river 0.0052
passo   21000  loss 0.8874  52517 mani/s  lr 7.40e-04  mae 0.0229  rmse 0.0416  mae_uniform 0.1730  mae_preflop 0.0273  mae_flop 0.0288  mae_turn 0.0303  mae_river 0.0057
passo   22000  loss 0.8861  52583 mani/s  lr 7.17e-04  mae 0.0232  rmse 0.0419  mae_uniform 0.1730  mae_preflop 0.0285  mae_flop 0.0297  mae_turn 0.0298  mae_river 0.0051
passo   23000  loss 0.8857  52518 mani/s  lr 6.93e-04  mae 0.0227  rmse 0.0414  mae_uniform 0.1730  mae_preflop 0.0271  mae_flop 0.0288  mae_turn 0.0299  mae_river 0.0056
passo   24000  loss 0.8853  52624 mani/s  lr 6.69e-04  mae 0.0225  rmse 0.0417  mae_uniform 0.1730  mae_preflop 0.0262  mae_flop 0.0285  mae_turn 0.0302  mae_river 0.0055
passo   25000  loss 0.8853  52688 mani/s  lr 6.44e-04  mae 0.0218  rmse 0.0398  mae_uniform 0.1730  mae_preflop 0.0259  mae_flop 0.0285  mae_turn 0.0284  mae_river 0.0049
passo   26000  loss 0.8847  52783 mani/s  lr 6.19e-04  mae 0.0221  rmse 0.0409  mae_uniform 0.1730  mae_preflop 0.0258  mae_flop 0.0289  mae_turn 0.0293  mae_river 0.0048
passo   27000  loss 0.8835  52752 mani/s  lr 5.94e-04  mae 0.0216  rmse 0.0388  mae_uniform 0.1730  mae_preflop 0.0257  mae_flop 0.0282  mae_turn 0.0288  mae_river 0.0041
passo   28000  loss 0.8832  52838 mani/s  lr 5.68e-04  mae 0.0212  rmse 0.0396  mae_uniform 0.1730  mae_preflop 0.0256  mae_flop 0.0271  mae_turn 0.0277  mae_river 0.0048
passo   29000  loss 0.8837  52936 mani/s  lr 5.42e-04  mae 0.0215  rmse 0.0404  mae_uniform 0.1730  mae_preflop 0.0256  mae_flop 0.0279  mae_turn 0.0276  mae_river 0.0051
passo   30000  loss 0.8830  53003 mani/s  lr 5.16e-04  mae 0.0210  rmse 0.0391  mae_uniform 0.1730  mae_preflop 0.0251  mae_flop 0.0273  mae_turn 0.0278  mae_river 0.0041
passo   31000  loss 0.8827  52974 mani/s  lr 4.91e-04  mae 0.0210  rmse 0.0385  mae_uniform 0.1730  mae_preflop 0.0249  mae_flop 0.0273  mae_turn 0.0278  mae_river 0.0044
passo   32000  loss 0.8813  53036 mani/s  lr 4.65e-04  mae 0.0206  rmse 0.0375  mae_uniform 0.1730  mae_preflop 0.0246  mae_flop 0.0272  mae_turn 0.0268  mae_river 0.0044
passo   33000  loss 0.8815  53127 mani/s  lr 4.39e-04  mae 0.0208  rmse 0.0381  mae_uniform 0.1730  mae_preflop 0.0249  mae_flop 0.0270  mae_turn 0.0270  mae_river 0.0044
passo   34000  loss 0.8814  53121 mani/s  lr 4.14e-04  mae 0.0204  rmse 0.0378  mae_uniform 0.1730  mae_preflop 0.0241  mae_flop 0.0264  mae_turn 0.0271  mae_river 0.0043
passo   35000  loss 0.8806  53075 mani/s  lr 3.88e-04  mae 0.0199  rmse 0.0366  mae_uniform 0.1730  mae_preflop 0.0241  mae_flop 0.0257  mae_turn 0.0257  mae_river 0.0044
passo   36000  loss 0.8798  53128 mani/s  lr 3.64e-04  mae 0.0201  rmse 0.0372  mae_uniform 0.1730  mae_preflop 0.0240  mae_flop 0.0262  mae_turn 0.0263  mae_river 0.0042
passo   37000  loss 0.8802  53196 mani/s  lr 3.39e-04  mae 0.0197  rmse 0.0361  mae_uniform 0.1730  mae_preflop 0.0240  mae_flop 0.0254  mae_turn 0.0259  mae_river 0.0039
passo   38000  loss 0.8808  53137 mani/s  lr 3.15e-04  mae 0.0199  rmse 0.0359  mae_uniform 0.1730  mae_preflop 0.0239  mae_flop 0.0258  mae_turn 0.0265  mae_river 0.0037
passo   39000  loss 0.8800  53198 mani/s  lr 2.92e-04  mae 0.0197  rmse 0.0361  mae_uniform 0.1730  mae_preflop 0.0239  mae_flop 0.0261  mae_turn 0.0257  mae_river 0.0033
passo   40000  loss 0.8798  53144 mani/s  lr 2.69e-04  mae 0.0193  rmse 0.0349  mae_uniform 0.1730  mae_preflop 0.0236  mae_flop 0.0252  mae_turn 0.0253  mae_river 0.0033
passo   41000  loss 0.8794  53157 mani/s  lr 2.47e-04  mae 0.0196  rmse 0.0354  mae_uniform 0.1730  mae_preflop 0.0240  mae_flop 0.0260  mae_turn 0.0251  mae_river 0.0036
passo   42000  loss 0.8794  53196 mani/s  lr 2.25e-04  mae 0.0192  rmse 0.0351  mae_uniform 0.1730  mae_preflop 0.0236  mae_flop 0.0250  mae_turn 0.0249  mae_river 0.0038
passo   43000  loss 0.8784  53233 mani/s  lr 2.04e-04  mae 0.0195  rmse 0.0354  mae_uniform 0.1730  mae_preflop 0.0233  mae_flop 0.0252  mae_turn 0.0262  mae_river 0.0034
passo   44000  loss 0.8786  53255 mani/s  lr 1.85e-04  mae 0.0191  rmse 0.0354  mae_uniform 0.1730  mae_preflop 0.0232  mae_flop 0.0247  mae_turn 0.0253  mae_river 0.0038
passo   45000  loss 0.8781  53265 mani/s  lr 1.66e-04  mae 0.0189  rmse 0.0338  mae_uniform 0.1730  mae_preflop 0.0234  mae_flop 0.0243  mae_turn 0.0252  mae_river 0.0029
passo   46000  loss 0.8790  53248 mani/s  lr 1.48e-04  mae 0.0186  rmse 0.0337  mae_uniform 0.1730  mae_preflop 0.0232  mae_flop 0.0239  mae_turn 0.0245  mae_river 0.0032
passo   47000  loss 0.8784  53293 mani/s  lr 1.31e-04  mae 0.0185  rmse 0.0326  mae_uniform 0.1730  mae_preflop 0.0230  mae_flop 0.0246  mae_turn 0.0240  mae_river 0.0029
passo   48000  loss 0.8785  53313 mani/s  lr 1.15e-04  mae 0.0187  rmse 0.0332  mae_uniform 0.1730  mae_preflop 0.0231  mae_flop 0.0245  mae_turn 0.0247  mae_river 0.0029
passo   49000  loss 0.8777  53278 mani/s  lr 1.00e-04  mae 0.0185  rmse 0.0331  mae_uniform 0.1730  mae_preflop 0.0229  mae_flop 0.0240  mae_turn 0.0246  mae_river 0.0028
passo   50000  loss 0.8784  53299 mani/s  lr 8.67e-05  mae 0.0185  rmse 0.0333  mae_uniform 0.1730  mae_preflop 0.0233  mae_flop 0.0239  mae_turn 0.0246  mae_river 0.0028
passo   51000  loss 0.8778  53348 mani/s  lr 7.43e-05  mae 0.0182  rmse 0.0322  mae_uniform 0.1730  mae_preflop 0.0229  mae_flop 0.0240  mae_turn 0.0238  mae_river 0.0026
passo   52000  loss 0.8770  53421 mani/s  lr 6.31e-05  mae 0.0183  rmse 0.0324  mae_uniform 0.1730  mae_preflop 0.0230  mae_flop 0.0239  mae_turn 0.0238  mae_river 0.0030
passo   53000  loss 0.8779  53378 mani/s  lr 5.31e-05  mae 0.0184  rmse 0.0326  mae_uniform 0.1730  mae_preflop 0.0228  mae_flop 0.0239  mae_turn 0.0243  mae_river 0.0028
passo   54000  loss 0.8772  53408 mani/s  lr 4.44e-05  mae 0.0183  rmse 0.0324  mae_uniform 0.1730  mae_preflop 0.0228  mae_flop 0.0237  mae_turn 0.0242  mae_river 0.0028
passo   55000  loss 0.8770  53388 mani/s  lr 3.70e-05  mae 0.0180  rmse 0.0319  mae_uniform 0.1730  mae_preflop 0.0227  mae_flop 0.0235  mae_turn 0.0237  mae_river 0.0027
passo   56000  loss 0.8775  53441 mani/s  lr 3.09e-05  mae 0.0181  rmse 0.0322  mae_uniform 0.1730  mae_preflop 0.0226  mae_flop 0.0237  mae_turn 0.0238  mae_river 0.0029
passo   57000  loss 0.8782  53472 mani/s  lr 2.61e-05  mae 0.0182  rmse 0.0326  mae_uniform 0.1730  mae_preflop 0.0228  mae_flop 0.0239  mae_turn 0.0239  mae_river 0.0027
passo   58000  loss 0.8772  53495 mani/s  lr 2.27e-05  mae 0.0181  rmse 0.0320  mae_uniform 0.1730  mae_preflop 0.0227  mae_flop 0.0236  mae_turn 0.0237  mae_river 0.0027
passo   59000  loss 0.8775  53470 mani/s  lr 2.07e-05  mae 0.0181  rmse 0.0324  mae_uniform 0.1730  mae_preflop 0.0228  mae_flop 0.0237  mae_turn 0.0236  mae_river 0.0028
passo   60000  loss 0.8778  53506 mani/s  lr 2.00e-05  mae 0.0180  rmse 0.0320  mae_uniform 0.1730  mae_preflop 0.0227  mae_flop 0.0235  mae_turn 0.0235  mae_river 0.0027
salvato /mnt/shared_volume/POKER/Poker-RL-v2/studies/equity_net/runs/model.pt
